ALSA lib confmisc.c:855:(parse_card) cannot find card '0'
ALSA lib conf.c:5182:(_snd_config_evaluate) function snd_func_card_inum returned error: No such file or directory
ALSA lib confmisc.c:422:(snd_func_concat) error evaluating strings
ALSA lib conf.c:5182:(_snd_config_evaluate) function snd_func_concat returned error: No such file or directory
ALSA lib confmisc.c:1334:(snd_func_refer) error evaluating name
ALSA lib conf.c:5182:(_snd_config_evaluate) function snd_func_refer returned error: No such file or directory
ALSA lib conf.c:5705:(snd_config_expand) Evaluate error: No such file or directory
ALSA lib pcm.c:2664:(snd_pcm_open_noupdate) Unknown PCM default
Failed to open dir (No such file or directory): /run/user/1001/gvfs/
[09:46:01] HOTS STL Builder 2.1.0
[09:46:01] Blender runtime: 3.6.23
[09:46:01] Source roots: [PosixPath('/home/runner/work/_temp/HOTS-02'), PosixPath('/home/runner/work/HOTS-03/HOTS-03')]
[09:46:01] Enabling m3addon
[09:46:01] Resolved 15 roster entries to 15 unique source groups
[09:46:01] PLAN Lt. Morales: medic — exact canonical base
[09:46:01] PLAN Lucio: lucio — exact canonical base
[09:46:01] PLAN Lunara: dryad — exact canonical base
[09:46:01] PLAN Maiev: maiev — exact canonical base
[09:46:01] PLAN Mal'Ganis: malganis — exact canonical base
[09:46:01] PLAN Malfurion: malfurion — exact canonical base
[09:46:01] PLAN Malthael: malthael — exact canonical base
[09:46:01] PLAN Medivh: medivh — exact canonical base
[09:46:01] PLAN Mei: meiow — exact canonical base
[09:46:01] PLAN Mephisto: mephisto — exact canonical base
[09:46:01] PLAN Muradin: muradin — exact canonical base
[09:46:01] PLAN Murky: murky — exact canonical base
[09:46:01] PLAN Nazeebo: d3witchdoctorm — exact canonical base
[09:46:01] PLAN Nova: nova — exact canonical base
[09:46:01] PLAN Orphea: orphea — exact canonical base
[09:46:01] Importing M3: /home/runner/work/HOTS-03/HOTS-03/storm_hero_medic_base/storm_hero_medic_base.m3
2026-10-04 09:46:01,944,944 DEBUG  base.py:152 Import /home/runner/work/HOTS-03/HOTS-03/storm_hero_medic_base/storm_hero_medic_base.m3
Info: Removed 249 vertice(s)
Info: Removed 2586 vertice(s)
Info: Removed 0 vertice(s)
Info: Removed 2866 vertice(s)
Info: Removed: 0 vertices, 0 edges, 0 faces
Info: Removed 246 vertice(s)
Info: Removed: 0 vertices, 0 edges, 0 faces
Info: Removed 2566 vertice(s)
Info: Removed: 0 vertices, 0 edges, 0 faces
Info: Removed 0 vertice(s)
Info: Removed: 0 vertices, 0 edges, 0 faces
Info: Removed 0 vertice(s)
Info: Removed: 0 vertices, 0 edges, 0 faces
Info: Removed 4 vertice(s)
Info: Removed: 0 vertices, 0 edges, 0 faces
[09:46:09] Strict edge test failed; retrying clean voxel union at 0.620 mm
[09:46:13] SUCCESS source medic: 240466 print-ready triangles
[09:46:13] Importing M3: /home/runner/work/HOTS-03/HOTS-03/storm_hero_lucio_base/storm_hero_lucio_base.m3
2026-10-04 09:46:13,469,469 DEBUG  base.py:152 Import /home/runner/work/HOTS-03/HOTS-03/storm_hero_lucio_base/storm_hero_lucio_base.m3
Info: Removed 1315 vertice(s)
Info: Removed 0 vertice(s)
Info: Removed 440 vertice(s)
Info: Removed 976 vertice(s)
Info: Removed: 0 vertices, 0 edges, 0 faces
Info: Removed 623 vertice(s)
Info: Removed: 0 vertices, 0 edges, 0 faces
Info: Removed 0 vertice(s)
Info: Removed: 0 vertices, 0 edges, 0 faces
Info: Removed 307 vertice(s)
Info: Removed: 0 vertices, 0 edges, 0 faces
Info: Removed 0 vertice(s)
Info: Removed: 0 vertices, 0 edges, 0 faces
[09:46:18] Strict edge test failed; retrying clean voxel union at 0.620 mm
[09:46:21] SUCCESS source lucio: 177013 print-ready triangles
[09:46:21] Importing M3: /home/runner/work/_temp/HOTS-02/storm_hero_dryad_base/storm_hero_dryad_base.m3
2026-10-04 09:46:21,691,691 DEBUG  base.py:152 Import /home/runner/work/_temp/HOTS-02/storm_hero_dryad_base/storm_hero_dryad_base.m3
Info: Removed 0 vertice(s)
Info: Removed 37 vertice(s)
Info: Removed 21 vertice(s)
Info: Removed 172 vertice(s)
Info: Removed 0 vertice(s)
Info: Removed 211 vertice(s)
Info: Removed: 0 vertices, 0 edges, 0 faces
Info: Removed 0 vertice(s)
Info: Removed: 0 vertices, 0 edges, 0 faces
Info: Removed 0 vertice(s)
Info: Removed: 0 vertices, 0 edges, 0 faces
Info: Removed 37 vertice(s)
Info: Removed: 0 vertices, 0 edges, 0 faces
Info: Removed 19 vertice(s)
Info: Removed: 0 vertices, 0 edges, 0 faces
Info: Removed 88 vertice(s)
Info: Removed: 0 vertices, 0 edges, 0 faces
Info: Removed 0 vertice(s)
Info: Removed: 0 vertices, 0 edges, 0 faces
Info: Removed 23 vertice(s)
Info: Removed: 0 vertices, 0 edges, 0 faces
[09:46:26] Strict edge test failed; retrying clean voxel union at 0.620 mm
[09:46:30] SUCCESS source dryad: 176513 print-ready triangles
[09:46:30] Importing M3: /home/runner/work/HOTS-03/HOTS-03/storm_hero_maiev_base/storm_hero_maiev_base.m3
2026-10-04 09:46:30,019,19  DEBUG  base.py:152 Import /home/runner/work/HOTS-03/HOTS-03/storm_hero_maiev_base/storm_hero_maiev_base.m3
Info: Removed 1434 vertice(s)
Info: Removed 25 vertice(s)
Info: Removed 1494 vertice(s)
Info: Removed: 0 vertices, 0 edges, 0 faces
Info: Removed 1431 vertice(s)
Info: Removed: 0 vertices, 0 edges, 0 faces
Info: Removed 25 vertice(s)
Info: Removed: 0 vertices, 0 edges, 0 faces
Info: Removed 31 vertice(s)
Info: Removed: 0 vertices, 0 edges, 0 faces
[09:46:38] Strict edge test failed; retrying clean voxel union at 0.620 mm
[09:46:43] SUCCESS source maiev: 279572 print-ready triangles
[09:46:43] Importing M3: /home/runner/work/HOTS-03/HOTS-03/storm_hero_malganis_base/storm_hero_malganis_base.m3
2026-10-04 09:46:43,035,35  DEBUG  base.py:152 Import /home/runner/work/HOTS-03/HOTS-03/storm_hero_malganis_base/storm_hero_malganis_base.m3
Info: Removed 161 vertice(s)
Info: Removed 254 vertice(s)
Info: Removed 100 vertice(s)
Info: Removed 0 vertice(s)
Info: Removed 565 vertice(s)
Info: Removed: 0 vertices, 0 edges, 0 faces
Info: Removed 161 vertice(s)
Info: Removed: 0 vertices, 0 edges, 0 faces
Info: Removed 249 vertice(s)
Info: Removed: 0 vertices, 0 edges, 0 faces
Info: Removed 100 vertice(s)
Info: Removed: 0 vertices, 0 edges, 0 faces
Info: Removed 0 vertice(s)
Info: Removed: 0 vertices, 0 edges, 0 faces
Info: Removed 0 vertice(s)
Info: Removed: 0 vertices, 0 edges, 0 faces
Info: Removed 15 vertice(s)
Info: Removed: 0 vertices, 0 edges, 0 faces
[09:46:51] Strict edge test failed; retrying clean voxel union at 0.620 mm
[09:46:56] SUCCESS source malganis: 294304 print-ready triangles
[09:46:56] Importing M3: /home/runner/work/HOTS-03/HOTS-03/storm_hero_malfurion_base/storm_hero_malfurion_base.m3
2026-10-04 09:46:56,797,797 DEBUG  base.py:152 Import /home/runner/work/HOTS-03/HOTS-03/storm_hero_malfurion_base/storm_hero_malfurion_base.m3
Info: Removed 35 vertice(s)
Info: Removed 415 vertice(s)
Info: Removed 221 vertice(s)
Info: Removed 648 vertice(s)
Info: Removed: 0 vertices, 0 edges, 0 faces
Info: Removed 35 vertice(s)
Info: Removed: 0 vertices, 0 edges, 0 faces
Info: Removed 374 vertice(s)
Info: Removed: 0 vertices, 0 edges, 0 faces
Info: Removed 230 vertice(s)
Info: Removed: 0 vertices, 0 edges, 0 faces
Info: Removed 0 vertice(s)
Info: Removed: 0 vertices, 0 edges, 0 faces
[09:47:06] Strict edge test failed; retrying clean voxel union at 0.620 mm
[09:47:11] SUCCESS source malfurion: 308496 print-ready triangles
[09:47:11] Importing M3: /home/runner/work/HOTS-03/HOTS-03/storm_hero_malthael_base/storm_hero_malthael_base.m3
2026-10-04 09:47:11,920,920 DEBUG  base.py:152 Import /home/runner/work/HOTS-03/HOTS-03/storm_hero_malthael_base/storm_hero_malthael_base.m3
Info: Removed 0 vertice(s)
Info: Removed 0 vertice(s)
Info: Removed 524 vertice(s)
Info: Removed 51 vertice(s)
Info: Removed 121 vertice(s)
Info: Removed: 0 vertices, 0 edges, 0 faces
Info: Removed 0 vertice(s)
Info: Removed: 0 vertices, 0 edges, 0 faces
Info: Removed 0 vertice(s)
Info: Removed: 0 vertices, 0 edges, 0 faces
Info: Removed 88 vertice(s)
Info: Removed: 0 vertices, 0 edges, 0 faces
Info: Removed 16 vertice(s)
Info: Removed: 0 vertices, 0 edges, 0 faces
Info: Removed 6 vertice(s)
Info: Removed: 0 vertices, 0 edges, 0 faces
[09:47:19] Strict edge test failed; retrying clean voxel union at 0.620 mm
[09:47:23] SUCCESS source malthael: 239414 print-ready triangles
[09:47:23] Importing M3: /home/runner/work/HOTS-03/HOTS-03/storm_hero_medivh_base/storm_hero_medivh_base.m3
2026-10-04 09:47:23,974,974 DEBUG  base.py:152 Import /home/runner/work/HOTS-03/HOTS-03/storm_hero_medivh_base/storm_hero_medivh_base.m3
Info: Removed 0 vertice(s)
Info: Removed 300 vertice(s)
Info: Removed 197 vertice(s)
Info: Removed 480 vertice(s)
Info: Removed 1044 vertice(s)
Info: Removed: 0 vertices, 0 edges, 0 faces
Info: Removed 0 vertice(s)
Info: Removed: 0 vertices, 0 edges, 0 faces
Info: Removed 309 vertice(s)
Info: Removed: 0 vertices, 0 edges, 0 faces
Info: Removed 201 vertice(s)
Info: Removed: 0 vertices, 0 edges, 0 faces
Info: Removed 471 vertice(s)
Info: Removed: 0 vertices, 0 edges, 0 faces
Info: Removed 51 vertice(s)
Info: Removed: 0 vertices, 0 edges, 0 faces
[09:47:30] Strict edge test failed; retrying clean voxel union at 0.620 mm
[09:47:35] SUCCESS source medivh: 230774 print-ready triangles
[09:47:35] Importing M3: /home/runner/work/HOTS-03/HOTS-03/storm_hero_meiow_base/storm_hero_meiow_base.m3
2026-10-04 09:47:35,135,135 DEBUG  base.py:152 Import /home/runner/work/HOTS-03/HOTS-03/storm_hero_meiow_base/storm_hero_meiow_base.m3
Info: Removed 73 vertice(s)
Info: Removed 1182 vertice(s)
Info: Removed 185 vertice(s)
Info: Removed 0 vertice(s)
Info: Removed 1464 vertice(s)
Info: Removed: 0 vertices, 0 edges, 0 faces
Info: Removed 73 vertice(s)
Info: Removed: 0 vertices, 0 edges, 0 faces
Info: Removed 1184 vertice(s)
Info: Removed: 0 vertices, 0 edges, 0 faces
Info: Removed 183 vertice(s)
Info: Removed: 0 vertices, 0 edges, 0 faces
Info: Removed 0 vertice(s)
Info: Removed: 0 vertices, 0 edges, 0 faces
Info: Removed 0 vertice(s)
Info: Removed: 0 vertices, 0 edges, 0 faces
Info: Removed 7 vertice(s)
Info: Removed: 0 vertices, 0 edges, 0 faces
[09:47:49] Strict edge test failed; retrying clean voxel union at 0.620 mm
[09:47:56] SUCCESS source meiow: 390465 print-ready triangles
[09:47:56] Importing M3: /home/runner/work/HOTS-03/HOTS-03/storm_hero_mephisto_base/storm_hero_mephisto_base.m3
2026-10-04 09:47:56,139,139 DEBUG  base.py:152 Import /home/runner/work/HOTS-03/HOTS-03/storm_hero_mephisto_base/storm_hero_mephisto_base.m3
Info: Removed 292 vertice(s)
Info: Removed 0 vertice(s)
Info: Removed 40 vertice(s)
Info: Removed 0 vertice(s)
Info: Removed 0 vertice(s)
Info: Removed 332 vertice(s)
Info: Removed: 0 vertices, 0 edges, 0 faces
Info: Removed 292 vertice(s)
Info: Removed: 0 vertices, 0 edges, 0 faces
Info: Removed 0 vertice(s)
Info: Removed: 0 vertices, 0 edges, 0 faces
Info: Removed 0 vertice(s)
Info: Removed: 0 vertices, 0 edges, 0 faces
Info: Removed 40 vertice(s)
Info: Removed: 0 vertices, 0 edges, 0 faces
Info: Removed 0 vertice(s)
Info: Removed: 0 vertices, 0 edges, 0 faces
Info: Removed 0 vertice(s)
Info: Removed: 0 vertices, 0 edges, 0 faces
Info: Removed 0 vertice(s)
Info: Removed: 0 vertices, 0 edges, 0 faces
Info: Removed 0 vertice(s)
Info: Removed: 0 vertices, 0 edges, 0 faces
[09:48:02] Strict edge test failed; retrying clean voxel union at 0.620 mm
[09:48:06] SUCCESS source mephisto: 213929 print-ready triangles
[09:48:06] Importing M3: /home/runner/work/HOTS-03/HOTS-03/storm_hero_muradin_base/storm_hero_muradin_base.m3
2026-10-04 09:48:06,397,397 DEBUG  base.py:152 Import /home/runner/work/HOTS-03/HOTS-03/storm_hero_muradin_base/storm_hero_muradin_base.m3
Info: Removed 96 vertice(s)
Info: Removed 96 vertice(s)
Info: Removed 0 vertice(s)
Info: Removed 283 vertice(s)
Info: Removed 0 vertice(s)
Info: Removed 258 vertice(s)
Info: Removed 196 vertice(s)
Info: Removed 213 vertice(s)
Info: Removed 454 vertice(s)
Info: Removed 1560 vertice(s)
Info: Removed: 0 vertices, 0 edges, 0 faces
Info: Removed 96 vertice(s)
Info: Removed: 0 vertices, 0 edges, 0 faces
Info: Removed 96 vertice(s)
Info: Removed: 0 vertices, 0 edges, 0 faces
Info: Removed 283 vertice(s)
Info: Removed: 0 vertices, 0 edges, 0 faces
Info: Removed 252 vertice(s)
Info: Removed: 0 vertices, 0 edges, 0 faces
Info: Removed 196 vertice(s)
Info: Removed: 0 vertices, 0 edges, 0 faces
Info: Removed 197 vertice(s)
Info: Removed: 0 vertices, 0 edges, 0 faces
Info: Removed 430 vertice(s)
Info: Removed: 0 vertices, 0 edges, 0 faces
Info: Removed 2 vertice(s)
Info: Removed: 0 vertices, 0 edges, 0 faces
[09:48:17] Strict edge test failed; retrying clean voxel union at 0.620 mm
[09:48:23] SUCCESS source muradin: 339643 print-ready triangles
[09:48:23] Importing M3: /home/runner/work/HOTS-03/HOTS-03/storm_hero_murky_base/storm_hero_murky_base.m3
2026-10-04 09:48:23,586,586 DEBUG  base.py:152 Import /home/runner/work/HOTS-03/HOTS-03/storm_hero_murky_base/storm_hero_murky_base.m3
Info: Removed 10 vertice(s)
Info: Removed 0 vertice(s)
Info: Removed 0 vertice(s)
Info: Removed 90 vertice(s)
Info: Removed 0 vertice(s)
Info: Removed 122 vertice(s)
Info: Removed: 0 vertices, 0 edges, 0 faces
Info: Removed 10 vertice(s)
Info: Removed: 0 vertices, 0 edges, 0 faces
Info: Removed 0 vertice(s)
Info: Removed: 0 vertices, 0 edges, 0 faces
Info: Removed 0 vertice(s)
Info: Removed: 0 vertices, 0 edges, 0 faces
Info: Removed 90 vertice(s)
Info: Removed: 0 vertices, 0 edges, 0 faces
Info: Removed 0 vertice(s)
Info: Removed: 0 vertices, 0 edges, 0 faces
Info: Removed 7 vertice(s)
Info: Removed: 0 vertices, 0 edges, 0 faces
[09:48:25] Strict edge test failed; retrying clean voxel union at 0.620 mm
[09:48:26] SUCCESS source murky: 54593 print-ready triangles
[09:48:26] Importing M3: /home/runner/work/_temp/HOTS-02/storm_hero_d3witchdoctorm_base/storm_hero_d3witchdoctorm_base.m3
2026-10-04 09:48:26,465,465 DEBUG  base.py:152 Import /home/runner/work/_temp/HOTS-02/storm_hero_d3witchdoctorm_base/storm_hero_d3witchdoctorm_base.m3
Info: Removed 276 vertice(s)
Info: Removed 688 vertice(s)
Info: Removed 43 vertice(s)
Info: Removed 44 vertice(s)
Info: Removed 1093 vertice(s)
Info: Removed: 0 vertices, 0 edges, 0 faces
Info: Removed 280 vertice(s)
Info: Removed: 0 vertices, 0 edges, 0 faces
Info: Removed 719 vertice(s)
Info: Removed: 0 vertices, 0 edges, 0 faces
Info: Removed 46 vertice(s)
Info: Removed: 0 vertices, 0 edges, 0 faces
Info: Removed 0 vertice(s)
Info: Removed: 0 vertices, 0 edges, 0 faces
Info: Removed 47 vertice(s)
Info: Removed: 0 vertices, 0 edges, 0 faces
Info: Removed 0 vertice(s)
Info: Removed: 0 vertices, 0 edges, 0 faces
Info: Removed 681 vertice(s)
Info: Removed: 0 vertices, 0 edges, 0 faces
[09:48:32] Strict edge test failed; retrying clean voxel union at 0.620 mm
[09:48:35] SUCCESS source d3witchdoctorm: 170109 print-ready triangles
[09:48:35] Importing M3: /home/runner/work/HOTS-03/HOTS-03/storm_hero_nova_base/storm_hero_nova_base_v05.m3
2026-10-04 09:48:35,119,119 DEBUG  base.py:152 Import /home/runner/work/HOTS-03/HOTS-03/storm_hero_nova_base/storm_hero_nova_base_v05.m3
Info: Removed 688 vertice(s)
Info: Removed 540 vertice(s)
Info: Removed 1161 vertice(s)
Info: Removed: 0 vertices, 0 edges, 0 faces
Info: Removed 688 vertice(s)
Info: Removed: 0 vertices, 0 edges, 0 faces
Info: Removed 454 vertice(s)
Info: Removed: 0 vertices, 0 edges, 0 faces
Info: Removed 10 vertice(s)
Info: Removed: 0 vertices, 0 edges, 0 faces
[09:48:40] Strict edge test failed; retrying clean voxel union at 0.620 mm
[09:48:43] SUCCESS source nova: 186927 print-ready triangles
[09:48:43] Importing M3: /home/runner/work/HOTS-03/HOTS-03/storm_hero_orphea_base/storm_hero_orphea_base.m3
2026-10-04 09:48:43,608,608 DEBUG  base.py:152 Import /home/runner/work/HOTS-03/HOTS-03/storm_hero_orphea_base/storm_hero_orphea_base.m3
Info: Removed 46 vertice(s)
Info: Removed 936 vertice(s)
Info: Removed 1007 vertice(s)
Info: Removed: 0 vertices, 0 edges, 0 faces
Info: Removed 48 vertice(s)
Info: Removed: 0 vertices, 0 edges, 0 faces
Info: Removed 910 vertice(s)
Info: Removed: 0 vertices, 0 edges, 0 faces
Info: Removed 25 vertice(s)
Info: Removed: 0 vertices, 0 edges, 0 faces
[09:48:50] Strict edge test failed; retrying clean voxel union at 0.620 mm
[09:48:54] SUCCESS source orphea: 218975 print-ready triangles
[09:48:54] Completed: 15 successful roster entries, 0 missing/failed
Blender 3.6.23 (hash e467db79ca8c built 2025-06-17 01:32:54)
