[1/15] Repairing Lt._Morales.stl
MeshFix could not fix everything
    PASS via pymeshfix
[2/15] Repairing Lucio.stl
MeshFix could not fix everything
    PASS via pymeshfix
[3/15] Repairing Lunara.stl
MeshFix could not fix everything
    FAIL via none
[4/15] Repairing Maiev.stl
MeshFix could not fix everything
    PASS via pymeshfix
[5/15] Repairing Mal_Ganis.stl
MeshFix could not fix everything
    PASS via pymeshfix
[6/15] Repairing Malfurion.stl
MeshFix could not fix everything
MeshFix could not fix everything
    PASS via connected_voxel_plus_meshfix
[7/15] Repairing Malthael.stl
MeshFix could not fix everything
    PASS via pymeshfix
[8/15] Repairing Medivh.stl
MeshFix could not fix everything
    PASS via pymeshfix
[9/15] Repairing Mei.stl
MeshFix could not fix everything
    PASS via pymeshfix
[10/15] Repairing Mephisto.stl
MeshFix could not fix everything
    PASS via pymeshfix
[11/15] Repairing Muradin.stl
MeshFix could not fix everything
    PASS via pymeshfix
[12/15] Repairing Murky.stl
MeshFix could not fix everything
MeshFix could not fix everything
    PASS via connected_voxel_plus_meshfix
[13/15] Repairing Nazeebo.stl
MeshFix could not fix everything
MeshFix could not fix everything
    FAIL via none
[14/15] Repairing Nova.stl
MeshFix could not fix everything
    PASS via connected_voxel
[15/15] Repairing Orphea.stl
MeshFix could not fix everything
    PASS via connected_voxel
{
  "input_folder": "/home/runner/work/_temp/raw_4/STL",
  "output_folder": "/home/runner/work/_temp/fixed_4/STL",
  "expected_files": 15,
  "found_files": 15,
  "expected_count_passed": true,
  "all_passed": false,
  "settings": {
    "voxel_pitch_mm": 0.62,
    "max_triangles": 500000,
    "target_triangles": 440000,
    "minimum_dimension_mm": 2.0,
    "maximum_dimension_mm": 350.0,
    "minimum_dimension_retention": 0.9,
    "maximum_dimension_retention": 1.1,
    "vertex_weld_digits": 2,
    "required_connected_bodies": 1
  },
  "failed_files": [
    {
      "file": "Lunara.stl",
      "input_bytes": 8825734,
      "input_sha256": "f8dc541e0804812d54a21fa4ceecfdc99d3ed2cc7ee5df811fba20eebcbba8bc",
      "attempts": {
        "rounded_vertex_merge": {
          "vertices": 88281,
          "triangles": 176513,
          "watertight": false,
          "winding_consistent": true,
          "finite_coordinates": true,
          "volume_mm3": 52181.39268728677,
          "x_mm": 91.57659912109375,
          "y_mm": 91.57659912109375,
          "z_mm": 111.8513412475586,
          "connected_bodies": 29,
          "dimension_retention": {
            "x_mm": 1.0,
            "y_mm": 1.0,
            "z_mm": 1.0
          }
        },
        "pymeshfix": {
          "vertices": 79598,
          "triangles": 159204,
          "watertight": true,
          "winding_consistent": true,
          "finite_coordinates": true,
          "volume_mm3": 52824.698095919106,
          "x_mm": 91.57659912109375,
          "y_mm": 91.57659912109375,
          "z_mm": 99.5102767944336,
          "connected_bodies": 1,
          "dimension_retention": {
            "x_mm": 1.0,
            "y_mm": 1.0,
            "z_mm": 0.8896654763771609
          }
        },
        "connected_voxel": {
          "vertices": 122952,
          "triangles": 246524,
          "watertight": true,
          "winding_consistent": true,
          "finite_coordinates": true,
          "volume_mm3": 16380.00539066666,
          "x_mm": 91.13999999999999,
          "y_mm": 91.13999999999999,
          "z_mm": 110.97999999999999,
          "connected_bodies": 3,
          "dimension_retention": {
            "x_mm": 0.9952324160835407,
            "y_mm": 0.9952324160835407,
            "z_mm": 0.9922098274563371
          }
        },
        "connected_voxel_plus_meshfix": {
          "vertices": 64374,
          "triangles": 128850,
          "watertight": false,
          "winding_consistent": true,
          "finite_coordinates": true,
          "volume_mm3": 18552.28602461852,
          "x_mm": 91.13999938964844,
          "y_mm": 89.59000015258789,
          "z_mm": 99.20000213384628,
          "connected_bodies": 1,
          "dimension_retention": {
            "x_mm": 0.9952324094186116,
            "y_mm": 0.9783066963878082,
            "z_mm": 0.8868914849602803
          }
        }
      },
      "passed": false,
      "voxel_connectivity": {
        "initial_components": 2,
        "removed_tiny_components": 0,
        "bridges_added": 1,
        "final_components": 1
      },
      "error": "All repair methods failed the quality gate"
    },
    {
      "file": "Nazeebo.stl",
      "input_bytes": 8505534,
      "input_sha256": "b5b5a09227efdad05e30dce1902d8836959f68025709490d023b9738b51e9d66",
      "attempts": {
        "rounded_vertex_merge": {
          "vertices": 84345,
          "triangles": 170109,
          "watertight": false,
          "winding_consistent": true,
          "finite_coordinates": true,
          "volume_mm3": 22436.240007154414,
          "x_mm": 69.6139144897461,
          "y_mm": 69.6139144897461,
          "z_mm": 110.73551177978516,
          "connected_bodies": 42,
          "dimension_retention": {
            "x_mm": 1.0,
            "y_mm": 1.0,
            "z_mm": 1.0
          }
        },
        "pymeshfix": {
          "vertices": 25667,
          "triangles": 51330,
          "watertight": true,
          "winding_consistent": true,
          "finite_coordinates": true,
          "volume_mm3": 16122.424949836515,
          "x_mm": 69.6139144897461,
          "y_mm": 69.6139144897461,
          "z_mm": 20.173236846923828,
          "connected_bodies": 1,
          "dimension_retention": {
            "x_mm": 1.0,
            "y_mm": 1.0,
            "z_mm": 0.18217495474298667
          }
        },
        "connected_voxel": {
          "vertices": 83376,
          "triangles": 167444,
          "watertight": true,
          "winding_consistent": true,
          "finite_coordinates": true,
          "volume_mm3": 18664.43885266667,
          "x_mm": 68.82,
          "y_mm": 68.82,
          "z_mm": 110.36,
          "connected_bodies": 6,
          "dimension_retention": {
            "x_mm": 0.9885954626231651,
            "y_mm": 0.9885954626231651,
            "z_mm": 0.9966089308321262
          }
        },
        "connected_voxel_plus_meshfix": {
          "vertices": 28698,
          "triangles": 57568,
          "watertight": true,
          "winding_consistent": true,
          "finite_coordinates": true,
          "volume_mm3": 12862.791060345762,
          "x_mm": 57.65999984741211,
          "y_mm": 37.8199987411499,
          "z_mm": 103.5399980545044,
          "connected_bodies": 1,
          "dimension_retention": {
            "x_mm": 0.8282826827085732,
            "y_mm": 0.5432821730879775,
            "z_mm": 0.9350207209084818
          }
        }
      },
      "passed": false,
      "voxel_connectivity": {
        "initial_components": 1,
        "removed_tiny_components": 0,
        "bridges_added": 0,
        "final_components": 1
      },
      "error": "All repair methods failed the quality gate"
    }
  ],
  "files": [
    {
      "file": "Lt._Morales.stl",
      "input_bytes": 12023384,
      "input_sha256": "acdd964e7c9771c520d0a210470ac3b971fd405fffe9faf39f1c4569542fd750",
      "attempts": {
        "rounded_vertex_merge": {
          "vertices": 120223,
          "triangles": 240466,
          "watertight": true,
          "winding_consistent": true,
          "finite_coordinates": true,
          "volume_mm3": 80191.45542406384,
          "x_mm": 88.96485137939453,
          "y_mm": 88.96485137939453,
          "z_mm": 112.79356384277344,
          "connected_bodies": 2,
          "dimension_retention": {
            "x_mm": 1.0,
            "y_mm": 1.0,
            "z_mm": 1.0
          }
        },
        "pymeshfix": {
          "vertices": 100624,
          "triangles": 201268,
          "watertight": true,
          "winding_consistent": true,
          "finite_coordinates": true,
          "volume_mm3": 66870.80949250828,
          "x_mm": 88.96485137939453,
          "y_mm": 88.96485137939453,
          "z_mm": 112.79356384277344,
          "connected_bodies": 1,
          "dimension_retention": {
            "x_mm": 1.0,
            "y_mm": 1.0,
            "z_mm": 1.0
          }
        }
      },
      "passed": true,
      "selected_method": "pymeshfix",
      "output_bytes": 10063484,
      "output_sha256": "62f37cae06c80f4c0a46e6894164633192a1b548ba3092eff5296af8727a5835",
      "final": {
        "vertices": 100624,
        "triangles": 201268,
        "watertight": true,
        "winding_consistent": true,
        "finite_coordinates": true,
        "volume_mm3": 66870.80949250828,
        "x_mm": 88.96485137939453,
        "y_mm": 88.96485137939453,
        "z_mm": 112.79356384277344,
        "connected_bodies": 1,
        "dimension_retention": {
          "x_mm": 1.0,
          "y_mm": 1.0,
          "z_mm": 1.0
        }
      }
    },
    {
      "file": "Lucio.stl",
      "input_bytes": 8850734,
      "input_sha256": "ceefc4337eef2d76740d3252dd208cd3b9176ae75c38fa554911a2c1bc1f43cc",
      "attempts": {
        "rounded_vertex_merge": {
          "vertices": 88502,
          "triangles": 177013,
          "watertight": false,
          "winding_consistent": true,
          "finite_coordinates": true,
          "volume_mm3": 52070.82522580412,
          "x_mm": 88.64073944091797,
          "y_mm": 88.64073944091797,
          "z_mm": 112.75321197509766,
          "connected_bodies": 1,
          "dimension_retention": {
            "x_mm": 1.0,
            "y_mm": 1.0,
            "z_mm": 1.0
          }
        },
        "pymeshfix": {
          "vertices": 88067,
          "triangles": 176146,
          "watertight": true,
          "winding_consistent": true,
          "finite_coordinates": true,
          "volume_mm3": 52079.04154783181,
          "x_mm": 88.64073944091797,
          "y_mm": 88.64073944091797,
          "z_mm": 112.75321197509766,
          "connected_bodies": 1,
          "dimension_retention": {
            "x_mm": 1.0,
            "y_mm": 1.0,
            "z_mm": 1.0
          }
        }
      },
      "passed": true,
      "selected_method": "pymeshfix",
      "output_bytes": 8807384,
      "output_sha256": "a732e7ba67a56c3369491a51929bffb411f1f5ce59eea3357ceda7fe5c87d2bb",
      "final": {
        "vertices": 88067,
        "triangles": 176146,
        "watertight": true,
        "winding_consistent": true,
        "finite_coordinates": true,
        "volume_mm3": 52079.04154783181,
        "x_mm": 88.64073944091797,
        "y_mm": 88.64073944091797,
        "z_mm": 112.75321197509766,
        "connected_bodies": 1,
        "dimension_retention": {
          "x_mm": 1.0,
          "y_mm": 1.0,
          "z_mm": 1.0
        }
      }
    },
    {
      "file": "Lunara.stl",
      "input_bytes": 8825734,
      "input_sha256": "f8dc541e0804812d54a21fa4ceecfdc99d3ed2cc7ee5df811fba20eebcbba8bc",
      "attempts": {
        "rounded_vertex_merge": {
          "vertices": 88281,
          "triangles": 176513,
          "watertight": false,
          "winding_consistent": true,
          "finite_coordinates": true,
          "volume_mm3": 52181.39268728677,
          "x_mm": 91.57659912109375,
          "y_mm": 91.57659912109375,
          "z_mm": 111.8513412475586,
          "connected_bodies": 29,
          "dimension_retention": {
            "x_mm": 1.0,
            "y_mm": 1.0,
            "z_mm": 1.0
          }
        },
        "pymeshfix": {
          "vertices": 79598,
          "triangles": 159204,
          "watertight": true,
          "winding_consistent": true,
          "finite_coordinates": true,
          "volume_mm3": 52824.698095919106,
          "x_mm": 91.57659912109375,
          "y_mm": 91.57659912109375,
          "z_mm": 99.5102767944336,
          "connected_bodies": 1,
          "dimension_retention": {
            "x_mm": 1.0,
            "y_mm": 1.0,
            "z_mm": 0.8896654763771609
          }
        },
        "connected_voxel": {
          "vertices": 122952,
          "triangles": 246524,
          "watertight": true,
          "winding_consistent": true,
          "finite_coordinates": true,
          "volume_mm3": 16380.00539066666,
          "x_mm": 91.13999999999999,
          "y_mm": 91.13999999999999,
          "z_mm": 110.97999999999999,
          "connected_bodies": 3,
          "dimension_retention": {
            "x_mm": 0.9952324160835407,
            "y_mm": 0.9952324160835407,
            "z_mm": 0.9922098274563371
          }
        },
        "connected_voxel_plus_meshfix": {
          "vertices": 64374,
          "triangles": 128850,
          "watertight": false,
          "winding_consistent": true,
          "finite_coordinates": true,
          "volume_mm3": 18552.28602461852,
          "x_mm": 91.13999938964844,
          "y_mm": 89.59000015258789,
          "z_mm": 99.20000213384628,
          "connected_bodies": 1,
          "dimension_retention": {
            "x_mm": 0.9952324094186116,
            "y_mm": 0.9783066963878082,
            "z_mm": 0.8868914849602803
          }
        }
      },
      "passed": false,
      "voxel_connectivity": {
        "initial_components": 2,
        "removed_tiny_components": 0,
        "bridges_added": 1,
        "final_components": 1
      },
      "error": "All repair methods failed the quality gate"
    },
    {
      "file": "Maiev.stl",
      "input_bytes": 13978684,
      "input_sha256": "1bd431f2fcd6151bcf550bbd4e4b2fcc29d3549ffb2dd6615a0b2102793006c7",
      "attempts": {
        "rounded_vertex_merge": {
          "vertices": 139780,
          "triangles": 279572,
          "watertight": false,
          "winding_consistent": true,
          "finite_coordinates": true,
          "volume_mm3": 63544.54660148849,
          "x_mm": 100.92012786865234,
          "y_mm": 100.92012786865234,
          "z_mm": 112.6695556640625,
          "connected_bodies": 5,
          "dimension_retention": {
            "x_mm": 1.0,
            "y_mm": 1.0,
            "z_mm": 1.0
          }
        },
        "pymeshfix": {
          "vertices": 128994,
          "triangles": 258004,
          "watertight": true,
          "winding_consistent": true,
          "finite_coordinates": true,
          "volume_mm3": 61714.18597794178,
          "x_mm": 100.92012786865234,
          "y_mm": 100.92012786865234,
          "z_mm": 112.6695556640625,
          "connected_bodies": 1,
          "dimension_retention": {
            "x_mm": 1.0,
            "y_mm": 1.0,
            "z_mm": 1.0
          }
        }
      },
      "passed": true,
      "selected_method": "pymeshfix",
      "output_bytes": 12900284,
      "output_sha256": "2e7bdb5abd453300e8ce1a83f479bd3078c689d63c344380142a453f464c08be",
      "final": {
        "vertices": 128994,
        "triangles": 258004,
        "watertight": true,
        "winding_consistent": true,
        "finite_coordinates": true,
        "volume_mm3": 61714.18597794178,
        "x_mm": 100.92012786865234,
        "y_mm": 100.92012786865234,
        "z_mm": 112.6695556640625,
        "connected_bodies": 1,
        "dimension_retention": {
          "x_mm": 1.0,
          "y_mm": 1.0,
          "z_mm": 1.0
        }
      }
    },
    {
      "file": "Mal_Ganis.stl",
      "input_bytes": 14715284,
      "input_sha256": "3176c501a6a07a8751f4721f6e78a23905181ba9c6aaf0a64d953a26260bf9eb",
      "attempts": {
        "rounded_vertex_merge": {
          "vertices": 147134,
          "triangles": 294304,
          "watertight": false,
          "winding_consistent": true,
          "finite_coordinates": true,
          "volume_mm3": 78048.42307935156,
          "x_mm": 104.12077331542969,
          "y_mm": 104.12077331542969,
          "z_mm": 112.73590850830078,
          "connected_bodies": 1,
          "dimension_retention": {
            "x_mm": 1.0,
            "y_mm": 1.0,
            "z_mm": 1.0
          }
        },
        "pymeshfix": {
          "vertices": 146428,
          "triangles": 292880,
          "watertight": true,
          "winding_consistent": true,
          "finite_coordinates": true,
          "volume_mm3": 78055.21249834346,
          "x_mm": 104.12077331542969,
          "y_mm": 104.12077331542969,
          "z_mm": 112.73590850830078,
          "connected_bodies": 1,
          "dimension_retention": {
            "x_mm": 1.0,
            "y_mm": 1.0,
            "z_mm": 1.0
          }
        }
      },
      "passed": true,
      "selected_method": "pymeshfix",
      "output_bytes": 14644084,
      "output_sha256": "e9c0ae2e6d88f0e8ddaa7225fe4be9e028d437ea6b1c1930704fa4310d0ef925",
      "final": {
        "vertices": 146428,
        "triangles": 292880,
        "watertight": true,
        "winding_consistent": true,
        "finite_coordinates": true,
        "volume_mm3": 78055.21249834346,
        "x_mm": 104.12077331542969,
        "y_mm": 104.12077331542969,
        "z_mm": 112.73590850830078,
        "connected_bodies": 1,
        "dimension_retention": {
          "x_mm": 1.0,
          "y_mm": 1.0,
          "z_mm": 1.0
        }
      }
    },
    {
      "file": "Malfurion.stl",
      "input_bytes": 15424884,
      "input_sha256": "e1bfafe244afcae20e12fa42cd2fa3e91d0f1647d17ff4a73e4c605e0a12eb54",
      "attempts": {
        "rounded_vertex_merge": {
          "vertices": 153775,
          "triangles": 308496,
          "watertight": false,
          "winding_consistent": true,
          "finite_coordinates": true,
          "volume_mm3": 66465.3588331846,
          "x_mm": 114.26310729980469,
          "y_mm": 114.26310729980469,
          "z_mm": 112.55387878417969,
          "connected_bodies": 99,
          "dimension_retention": {
            "x_mm": 1.0,
            "y_mm": 1.0,
            "z_mm": 1.0
          }
        },
        "pymeshfix": {
          "vertices": 66896,
          "triangles": 133788,
          "watertight": true,
          "winding_consistent": true,
          "finite_coordinates": true,
          "volume_mm3": 45237.693867733986,
          "x_mm": 114.26310729980469,
          "y_mm": 114.26310729980469,
          "z_mm": 37.253910064697266,
          "connected_bodies": 1,
          "dimension_retention": {
            "x_mm": 1.0,
            "y_mm": 1.0,
            "z_mm": 0.33098734994403045
          }
        },
        "connected_voxel": {
          "vertices": 178745,
          "triangles": 358058,
          "watertight": true,
          "winding_consistent": true,
          "finite_coordinates": true,
          "volume_mm3": 31151.614551999985,
          "x_mm": 113.46,
          "y_mm": 113.46,
          "z_mm": 112.22,
          "connected_bodies": 6,
          "dimension_retention": {
            "x_mm": 0.9929714207955374,
            "y_mm": 0.9929714207955374,
            "z_mm": 0.9970336092564176
          }
        },
        "connected_voxel_plus_meshfix": {
          "vertices": 105746,
          "triangles": 211644,
          "watertight": true,
          "winding_consistent": true,
          "finite_coordinates": true,
          "volume_mm3": 29970.42257451378,
          "x_mm": 113.14999771118164,
          "y_mm": 113.45999908447266,
          "z_mm": 111.60000365972519,
          "connected_bodies": 1,
          "dimension_retention": {
            "x_mm": 0.9902583640955741,
            "y_mm": 0.9929714127830882,
            "z_mm": 0.9915251687924186
          }
        }
      },
      "passed": true,
      "voxel_connectivity": {
        "initial_components": 2,
        "removed_tiny_components": 1,
        "bridges_added": 0,
        "final_components": 1
      },
      "selected_method": "connected_voxel_plus_meshfix",
      "output_bytes": 10582284,
      "output_sha256": "6590a604acabc838cacea532e58e847fb7fe19d618df0ee0f518826455f4373e",
      "final": {
        "vertices": 105746,
        "triangles": 211644,
        "watertight": true,
        "winding_consistent": true,
        "finite_coordinates": true,
        "volume_mm3": 29970.42257451378,
        "x_mm": 113.14999771118164,
        "y_mm": 113.45999908447266,
        "z_mm": 111.60000365972519,
        "connected_bodies": 1,
        "dimension_retention": {
          "x_mm": 0.9902583640955741,
          "y_mm": 0.9929714127830882,
          "z_mm": 0.9915251687924186
        }
      }
    },
    {
      "file": "Malthael.stl",
      "input_bytes": 11970784,
      "input_sha256": "8b8c3ca923138ecc0fac55adb91cc5d1ba1996a62653c76a3d0f1bfa25eac91e",
      "attempts": {
        "rounded_vertex_merge": {
          "vertices": 119080,
          "triangles": 239414,
          "watertight": false,
          "winding_consistent": true,
          "finite_coordinates": true,
          "volume_mm3": 37021.65182505625,
          "x_mm": 81.8684310913086,
          "y_mm": 81.8684310913086,
          "z_mm": 112.7406005859375,
          "connected_bodies": 106,
          "dimension_retention": {
            "x_mm": 1.0,
            "y_mm": 1.0,
            "z_mm": 1.0
          }
        },
        "pymeshfix": {
          "vertices": 87329,
          "triangles": 174678,
          "watertight": true,
          "winding_consistent": true,
          "finite_coordinates": true,
          "volume_mm3": 38953.34743192851,
          "x_mm": 81.8684310913086,
          "y_mm": 81.8684310913086,
          "z_mm": 110.74874877929688,
          "connected_bodies": 1,
          "dimension_retention": {
            "x_mm": 1.0,
            "y_mm": 1.0,
            "z_mm": 0.9823324357304419
          }
        }
      },
      "passed": true,
      "selected_method": "pymeshfix",
      "output_bytes": 8733984,
      "output_sha256": "4863b847812eff7bbb4510952af50d7d38c66d668f338946e577c855125b0dde",
      "final": {
        "vertices": 87329,
        "triangles": 174678,
        "watertight": true,
        "winding_consistent": true,
        "finite_coordinates": true,
        "volume_mm3": 38953.34743192851,
        "x_mm": 81.8684310913086,
        "y_mm": 81.8684310913086,
        "z_mm": 110.74874877929688,
        "connected_bodies": 1,
        "dimension_retention": {
          "x_mm": 1.0,
          "y_mm": 1.0,
          "z_mm": 0.9823324357304419
        }
      }
    },
    {
      "file": "Medivh.stl",
      "input_bytes": 11538784,
      "input_sha256": "98e7e9c16ad298efe448015298a188b294e6e857c87f7146807deffd3d5605fd",
      "attempts": {
        "rounded_vertex_merge": {
          "vertices": 115038,
          "triangles": 230774,
          "watertight": false,
          "winding_consistent": true,
          "finite_coordinates": true,
          "volume_mm3": 53888.28086581229,
          "x_mm": 94.9164810180664,
          "y_mm": 94.9164810180664,
          "z_mm": 112.56220245361328,
          "connected_bodies": 62,
          "dimension_retention": {
            "x_mm": 1.0,
            "y_mm": 1.0,
            "z_mm": 1.0
          }
        },
        "pymeshfix": {
          "vertices": 94894,
          "triangles": 189804,
          "watertight": true,
          "winding_consistent": true,
          "finite_coordinates": true,
          "volume_mm3": 53609.80961043391,
          "x_mm": 94.9164810180664,
          "y_mm": 94.9164810180664,
          "z_mm": 112.55867004394531,
          "connected_bodies": 1,
          "dimension_retention": {
            "x_mm": 1.0,
            "y_mm": 1.0,
            "z_mm": 0.9999686181543096
          }
        }
      },
      "passed": true,
      "selected_method": "pymeshfix",
      "output_bytes": 9490284,
      "output_sha256": "d896cc568891a7b93f25cae7b4d9974bdd9ccb7e3c9ade3aec7de3da9f609847",
      "final": {
        "vertices": 94894,
        "triangles": 189804,
        "watertight": true,
        "winding_consistent": true,
        "finite_coordinates": true,
        "volume_mm3": 53609.80961043391,
        "x_mm": 94.9164810180664,
        "y_mm": 94.9164810180664,
        "z_mm": 112.55867004394531,
        "connected_bodies": 1,
        "dimension_retention": {
          "x_mm": 1.0,
          "y_mm": 1.0,
          "z_mm": 0.9999686181543096
        }
      }
    },
    {
      "file": "Mei.stl",
      "input_bytes": 19523334,
      "input_sha256": "cf542d5fef1c1c0e1027aa80098762da3f7ce2992c0a797700ca091438bb4a2b",
      "attempts": {
        "rounded_vertex_merge": {
          "vertices": 194976,
          "triangles": 390465,
          "watertight": false,
          "winding_consistent": true,
          "finite_coordinates": true,
          "volume_mm3": 146124.12695197397,
          "x_mm": 162.04989624023438,
          "y_mm": 162.04989624023438,
          "z_mm": 112.7152099609375,
          "connected_bodies": 6,
          "dimension_retention": {
            "x_mm": 1.0,
            "y_mm": 1.0,
            "z_mm": 1.0
          }
        },
        "pymeshfix": {
          "vertices": 178453,
          "triangles": 356914,
          "watertight": true,
          "winding_consistent": true,
          "finite_coordinates": true,
          "volume_mm3": 142813.91476584924,
          "x_mm": 162.04989624023438,
          "y_mm": 162.04989624023438,
          "z_mm": 112.7152099609375,
          "connected_bodies": 1,
          "dimension_retention": {
            "x_mm": 1.0,
            "y_mm": 1.0,
            "z_mm": 1.0
          }
        }
      },
      "passed": true,
      "selected_method": "pymeshfix",
      "output_bytes": 17845784,
      "output_sha256": "2346d1f816ce5692746ad3ff9c26b202c6b4e3f5176a03b5b7ea07bd2d5bb5b2",
      "final": {
        "vertices": 178453,
        "triangles": 356914,
        "watertight": true,
        "winding_consistent": true,
        "finite_coordinates": true,
        "volume_mm3": 142813.91476584924,
        "x_mm": 162.04989624023438,
        "y_mm": 162.04989624023438,
        "z_mm": 112.7152099609375,
        "connected_bodies": 1,
        "dimension_retention": {
          "x_mm": 1.0,
          "y_mm": 1.0,
          "z_mm": 1.0
        }
      }
    },
    {
      "file": "Mephisto.stl",
      "input_bytes": 10696534,
      "input_sha256": "edbf5b2a872f1c1c1e48e20746596bb3aa5adbd17c44aeeb05b988639c195edf",
      "attempts": {
        "rounded_vertex_merge": {
          "vertices": 106952,
          "triangles": 213929,
          "watertight": false,
          "winding_consistent": true,
          "finite_coordinates": true,
          "volume_mm3": 59801.0654322595,
          "x_mm": 126.47667694091797,
          "y_mm": 126.47667694091797,
          "z_mm": 112.61534881591797,
          "connected_bodies": 1,
          "dimension_retention": {
            "x_mm": 1.0,
            "y_mm": 1.0,
            "z_mm": 1.0
          }
        },
        "pymeshfix": {
          "vertices": 102599,
          "triangles": 205222,
          "watertight": true,
          "winding_consistent": true,
          "finite_coordinates": true,
          "volume_mm3": 59920.5089716088,
          "x_mm": 126.47667694091797,
          "y_mm": 126.47667694091797,
          "z_mm": 112.61534881591797,
          "connected_bodies": 1,
          "dimension_retention": {
            "x_mm": 1.0,
            "y_mm": 1.0,
            "z_mm": 1.0
          }
        }
      },
      "passed": true,
      "selected_method": "pymeshfix",
      "output_bytes": 10261184,
      "output_sha256": "ba11c8dd12dc7424c04794feb13de8278a2e71ce090dd639b758c9642054b5a9",
      "final": {
        "vertices": 102599,
        "triangles": 205222,
        "watertight": true,
        "winding_consistent": true,
        "finite_coordinates": true,
        "volume_mm3": 59920.5089716088,
        "x_mm": 126.47667694091797,
        "y_mm": 126.47667694091797,
        "z_mm": 112.61534881591797,
        "connected_bodies": 1,
        "dimension_retention": {
          "x_mm": 1.0,
          "y_mm": 1.0,
          "z_mm": 1.0
        }
      }
    },
    {
      "file": "Muradin.stl",
      "input_bytes": 16982234,
      "input_sha256": "a3e5f546f79f54d5b1279b5c466c8b36c4275f03c6057040c3a072a5a55caef8",
      "attempts": {
        "rounded_vertex_merge": {
          "vertices": 168570,
          "triangles": 339643,
          "watertight": false,
          "winding_consistent": true,
          "finite_coordinates": true,
          "volume_mm3": 102326.04177231342,
          "x_mm": 87.1881332397461,
          "y_mm": 87.1881332397461,
          "z_mm": 112.60359191894531,
          "connected_bodies": 93,
          "dimension_retention": {
            "x_mm": 1.0,
            "y_mm": 1.0,
            "z_mm": 1.0
          }
        },
        "pymeshfix": {
          "vertices": 131888,
          "triangles": 263808,
          "watertight": true,
          "winding_consistent": true,
          "finite_coordinates": true,
          "volume_mm3": 101992.01579580283,
          "x_mm": 87.1881332397461,
          "y_mm": 87.1881332397461,
          "z_mm": 112.41683197021484,
          "connected_bodies": 1,
          "dimension_retention": {
            "x_mm": 1.0,
            "y_mm": 1.0,
            "z_mm": 0.9983414387982854
          }
        }
      },
      "passed": true,
      "selected_method": "pymeshfix",
      "output_bytes": 13190484,
      "output_sha256": "0868fa2c0f67a8d647b8130b72e2bc94b2fd6b8c6e1d81f663f16b8763eeb74f",
      "final": {
        "vertices": 131888,
        "triangles": 263808,
        "watertight": true,
        "winding_consistent": true,
        "finite_coordinates": true,
        "volume_mm3": 101992.01579580283,
        "x_mm": 87.1881332397461,
        "y_mm": 87.1881332397461,
        "z_mm": 112.41683197021484,
        "connected_bodies": 1,
        "dimension_retention": {
          "x_mm": 1.0,
          "y_mm": 1.0,
          "z_mm": 0.9983414387982854
        }
      }
    },
    {
      "file": "Murky.stl",
      "input_bytes": 2729734,
      "input_sha256": "fc7104ba5d065870e3b917fe7fbdeb28f2248cc2eb94d3441e8fee8975974186",
      "attempts": {
        "rounded_vertex_merge": {
          "vertices": 27303,
          "triangles": 54593,
          "watertight": false,
          "winding_consistent": true,
          "finite_coordinates": true,
          "volume_mm3": 15804.03217333681,
          "x_mm": 47.4111213684082,
          "y_mm": 47.4111213684082,
          "z_mm": 112.63333892822266,
          "connected_bodies": 7,
          "dimension_retention": {
            "x_mm": 1.0,
            "y_mm": 1.0,
            "z_mm": 1.0
          }
        },
        "pymeshfix": {
          "vertices": 24481,
          "triangles": 48962,
          "watertight": true,
          "winding_consistent": true,
          "finite_coordinates": true,
          "volume_mm3": 15395.270650687939,
          "x_mm": 47.4111213684082,
          "y_mm": 47.4111213684082,
          "z_mm": 76.54534912109375,
          "connected_bodies": 1,
          "dimension_retention": {
            "x_mm": 1.0,
            "y_mm": 1.0,
            "z_mm": 0.6795976204689578
          }
        },
        "connected_voxel": {
          "vertices": 38680,
          "triangles": 77632,
          "watertight": true,
          "winding_consistent": true,
          "finite_coordinates": true,
          "volume_mm3": 5163.832915333333,
          "x_mm": 46.5,
          "y_mm": 46.5,
          "z_mm": 112.22,
          "connected_bodies": 2,
          "dimension_retention": {
            "x_mm": 0.980782539157251,
            "y_mm": 0.980782539157251,
            "z_mm": 0.996330225738171
          }
        },
        "connected_voxel_plus_meshfix": {
          "vertices": 30655,
          "triangles": 61514,
          "watertight": true,
          "winding_consistent": true,
          "finite_coordinates": true,
          "volume_mm3": 4901.880714940883,
          "x_mm": 46.5,
          "y_mm": 44.02000045776367,
          "z_mm": 109.1200003027916,
          "connected_bodies": 1,
          "dimension_retention": {
            "x_mm": 0.980782539157251,
            "y_mm": 0.9284741467240604,
            "z_mm": 0.9688072940138089
          }
        }
      },
      "passed": true,
      "voxel_connectivity": {
        "initial_components": 2,
        "removed_tiny_components": 0,
        "bridges_added": 1,
        "final_components": 1
      },
      "selected_method": "connected_voxel_plus_meshfix",
      "output_bytes": 3075784,
      "output_sha256": "c51f4f69221f81344dd768e89365edead47a743fbf90dcbb4cadd5bfd108bde8",
      "final": {
        "vertices": 30655,
        "triangles": 61514,
        "watertight": true,
        "winding_consistent": true,
        "finite_coordinates": true,
        "volume_mm3": 4901.880714940883,
        "x_mm": 46.5,
        "y_mm": 44.02000045776367,
        "z_mm": 109.1200003027916,
        "connected_bodies": 1,
        "dimension_retention": {
          "x_mm": 0.980782539157251,
          "y_mm": 0.9284741467240604,
          "z_mm": 0.9688072940138089
        }
      }
    },
    {
      "file": "Nazeebo.stl",
      "input_bytes": 8505534,
      "input_sha256": "b5b5a09227efdad05e30dce1902d8836959f68025709490d023b9738b51e9d66",
      "attempts": {
        "rounded_vertex_merge": {
          "vertices": 84345,
          "triangles": 170109,
          "watertight": false,
          "winding_consistent": true,
          "finite_coordinates": true,
          "volume_mm3": 22436.240007154414,
          "x_mm": 69.6139144897461,
          "y_mm": 69.6139144897461,
          "z_mm": 110.73551177978516,
          "connected_bodies": 42,
          "dimension_retention": {
            "x_mm": 1.0,
            "y_mm": 1.0,
            "z_mm": 1.0
          }
        },
        "pymeshfix": {
          "vertices": 25667,
          "triangles": 51330,
          "watertight": true,
          "winding_consistent": true,
          "finite_coordinates": true,
          "volume_mm3": 16122.424949836515,
          "x_mm": 69.6139144897461,
          "y_mm": 69.6139144897461,
          "z_mm": 20.173236846923828,
          "connected_bodies": 1,
          "dimension_retention": {
            "x_mm": 1.0,
            "y_mm": 1.0,
            "z_mm": 0.18217495474298667
          }
        },
        "connected_voxel": {
          "vertices": 83376,
          "triangles": 167444,
          "watertight": true,
          "winding_consistent": true,
          "finite_coordinates": true,
          "volume_mm3": 18664.43885266667,
          "x_mm": 68.82,
          "y_mm": 68.82,
          "z_mm": 110.36,
          "connected_bodies": 6,
          "dimension_retention": {
            "x_mm": 0.9885954626231651,
            "y_mm": 0.9885954626231651,
            "z_mm": 0.9966089308321262
          }
        },
        "connected_voxel_plus_meshfix": {
          "vertices": 28698,
          "triangles": 57568,
          "watertight": true,
          "winding_consistent": true,
          "finite_coordinates": true,
          "volume_mm3": 12862.791060345762,
          "x_mm": 57.65999984741211,
          "y_mm": 37.8199987411499,
          "z_mm": 103.5399980545044,
          "connected_bodies": 1,
          "dimension_retention": {
            "x_mm": 0.8282826827085732,
            "y_mm": 0.5432821730879775,
            "z_mm": 0.9350207209084818
          }
        }
      },
      "passed": false,
      "voxel_connectivity": {
        "initial_components": 1,
        "removed_tiny_components": 0,
        "bridges_added": 0,
        "final_components": 1
      },
      "error": "All repair methods failed the quality gate"
    },
    {
      "file": "Nova.stl",
      "input_bytes": 9346434,
      "input_sha256": "d6f09e65ade51face1312cb847ae8d796137da0d7f36a6ab6909e3f4bb766561",
      "attempts": {
        "rounded_vertex_merge": {
          "vertices": 93470,
          "triangles": 186927,
          "watertight": false,
          "winding_consistent": true,
          "finite_coordinates": true,
          "volume_mm3": 55321.4652434291,
          "x_mm": 105.09882354736328,
          "y_mm": 105.09882354736328,
          "z_mm": 112.37530517578125,
          "connected_bodies": 7,
          "dimension_retention": {
            "x_mm": 1.0,
            "y_mm": 1.0,
            "z_mm": 1.0
          }
        },
        "pymeshfix": {
          "vertices": 58184,
          "triangles": 116376,
          "watertight": true,
          "winding_consistent": true,
          "finite_coordinates": true,
          "volume_mm3": 37400.0035226063,
          "x_mm": 105.09882354736328,
          "y_mm": 105.09882354736328,
          "z_mm": 25.120319366455078,
          "connected_bodies": 1,
          "dimension_retention": {
            "x_mm": 1.0,
            "y_mm": 1.0,
            "z_mm": 0.22353949853271612
          }
        },
        "connected_voxel": {
          "vertices": 100728,
          "triangles": 201704,
          "watertight": true,
          "winding_consistent": true,
          "finite_coordinates": true,
          "volume_mm3": 30428.07060466665,
          "x_mm": 104.77999999999999,
          "y_mm": 104.77999999999999,
          "z_mm": 111.6,
          "connected_bodies": 1,
          "dimension_retention": {
            "x_mm": 0.9969664403786631,
            "y_mm": 0.9969664403786631,
            "z_mm": 0.9931007513210443
          }
        }
      },
      "passed": true,
      "voxel_connectivity": {
        "initial_components": 2,
        "removed_tiny_components": 0,
        "bridges_added": 1,
        "final_components": 1
      },
      "selected_method": "connected_voxel",
      "output_bytes": 10085284,
      "output_sha256": "9c2db730305475461088b5e8033ec2b3c5b808dc480ffaea37fd7049f957c75c",
      "final": {
        "vertices": 100728,
        "triangles": 201704,
        "watertight": true,
        "winding_consistent": true,
        "finite_coordinates": true,
        "volume_mm3": 30428.071643305895,
        "x_mm": 104.77999877929688,
        "y_mm": 104.77999877929688,
        "z_mm": 111.60000365972519,
        "connected_bodies": 1,
        "dimension_retention": {
          "x_mm": 0.9969664287638508,
          "y_mm": 0.9969664287638508,
          "z_mm": 0.9931007838880321
        }
      }
    },
    {
      "file": "Orphea.stl",
      "input_bytes": 10948834,
      "input_sha256": "7d67527966d5ed08221d3d208e05578e11e30e5bc221f3f4fb8d78fbdc822f80",
      "attempts": {
        "rounded_vertex_merge": {
          "vertices": 108616,
          "triangles": 218975,
          "watertight": false,
          "winding_consistent": true,
          "finite_coordinates": true,
          "volume_mm3": 46805.36721578328,
          "x_mm": 67.98051452636719,
          "y_mm": 67.98051452636719,
          "z_mm": 112.53858947753906,
          "connected_bodies": 35,
          "dimension_retention": {
            "x_mm": 1.0,
            "y_mm": 1.0,
            "z_mm": 1.0
          }
        },
        "pymeshfix": {
          "vertices": 55238,
          "triangles": 110492,
          "watertight": true,
          "winding_consistent": true,
          "finite_coordinates": true,
          "volume_mm3": 29893.639325099855,
          "x_mm": 49.973812103271484,
          "y_mm": 48.540021896362305,
          "z_mm": 99.8123025894165,
          "connected_bodies": 1,
          "dimension_retention": {
            "x_mm": 0.7351196508506632,
            "y_mm": 0.7140284570446342,
            "z_mm": 0.8869162396009723
          }
        },
        "connected_voxel": {
          "vertices": 110654,
          "triangles": 222396,
          "watertight": true,
          "winding_consistent": true,
          "finite_coordinates": true,
          "volume_mm3": 45966.46038466669,
          "x_mm": 67.58,
          "y_mm": 67.58,
          "z_mm": 112.22,
          "connected_bodies": 1,
          "dimension_retention": {
            "x_mm": 0.9941083922480192,
            "y_mm": 0.9941083922480192,
            "z_mm": 0.997169064593593
          }
        }
      },
      "passed": true,
      "voxel_connectivity": {
        "initial_components": 1,
        "removed_tiny_components": 0,
        "bridges_added": 0,
        "final_components": 1
      },
      "selected_method": "connected_voxel",
      "output_bytes": 11119884,
      "output_sha256": "dcf805b5cb7acd7f6e276e4f56632fffed0fe45e8912978f3c89de142e231049",
      "final": {
        "vertices": 110654,
        "triangles": 222396,
        "watertight": true,
        "winding_consistent": true,
        "finite_coordinates": true,
        "volume_mm3": 45966.46160808921,
        "x_mm": 67.58000183105469,
        "y_mm": 67.58000183105469,
        "z_mm": 112.21999877691269,
        "connected_bodies": 1,
        "dimension_retention": {
          "x_mm": 0.9941084191830123,
          "y_mm": 0.9941084191830123,
          "z_mm": 0.9971690537254339
        }
      }
    }
  ]
}
