[1/3] Repairing Gul_dan.stl
MeshFix could not fix everything
    PASS via pymeshfix
[2/3] Repairing Hanzo.stl
MeshFix could not fix everything
    PASS via pymeshfix
[3/3] Repairing Hogger.stl
MeshFix could not fix everything
    PASS via pymeshfix
{
  "input_folder": "/home/runner/work/_temp/raw_selected",
  "output_folder": "/home/runner/work/_temp/fixed/STL",
  "expected_files": 3,
  "found_files": 3,
  "expected_count_passed": true,
  "all_passed": true,
  "settings": {
    "voxel_pitch_mm": 0.62,
    "max_triangles": 500000,
    "target_triangles": 440000,
    "minimum_dimension_mm": 2.0,
    "maximum_dimension_mm": 350.0,
    "minimum_dimension_retention": 0.9,
    "maximum_dimension_retention": 1.1,
    "vertex_weld_digits": 2,
    "required_connected_bodies": 1
  },
  "failed_files": [],
  "files": [
    {
      "file": "Gul_dan.stl",
      "input_bytes": 14229884,
      "input_sha256": "e3ac12a2d31d5f6d24b25a567cd1eb45294616c9f7dad200a38470842ee36681",
      "attempts": {
        "rounded_vertex_merge": {
          "vertices": 141886,
          "triangles": 284596,
          "watertight": false,
          "winding_consistent": true,
          "finite_coordinates": true,
          "volume_mm3": 80599.84679679986,
          "x_mm": 79.2551498413086,
          "y_mm": 79.2551498413086,
          "z_mm": 112.3620834350586,
          "connected_bodies": 67,
          "dimension_retention": {
            "x_mm": 1.0,
            "y_mm": 1.0,
            "z_mm": 1.0
          }
        },
        "pymeshfix": {
          "vertices": 127617,
          "triangles": 255258,
          "watertight": true,
          "winding_consistent": true,
          "finite_coordinates": true,
          "volume_mm3": 80692.10089424624,
          "x_mm": 79.2551498413086,
          "y_mm": 79.2551498413086,
          "z_mm": 112.3620834350586,
          "connected_bodies": 1,
          "dimension_retention": {
            "x_mm": 1.0,
            "y_mm": 1.0,
            "z_mm": 1.0
          }
        }
      },
      "passed": true,
      "selected_method": "pymeshfix",
      "output_bytes": 12762984,
      "output_sha256": "adf256ab1298862ba14924b604de3fcddb4243f7c918df9502eacaaea15d8473",
      "final": {
        "vertices": 127617,
        "triangles": 255258,
        "watertight": true,
        "winding_consistent": true,
        "finite_coordinates": true,
        "volume_mm3": 80692.10089424624,
        "x_mm": 79.2551498413086,
        "y_mm": 79.2551498413086,
        "z_mm": 112.3620834350586,
        "connected_bodies": 1,
        "dimension_retention": {
          "x_mm": 1.0,
          "y_mm": 1.0,
          "z_mm": 1.0
        }
      }
    },
    {
      "file": "Hanzo.stl",
      "input_bytes": 13328734,
      "input_sha256": "44baf3b9775bfcc049bd0780a921849d2e2d88249e93ad65d29e95a22cf4179a",
      "attempts": {
        "rounded_vertex_merge": {
          "vertices": 133190,
          "triangles": 266573,
          "watertight": false,
          "winding_consistent": true,
          "finite_coordinates": true,
          "volume_mm3": 82204.52840460284,
          "x_mm": 118.82176971435547,
          "y_mm": 118.82176971435547,
          "z_mm": 112.58234405517578,
          "connected_bodies": 27,
          "dimension_retention": {
            "x_mm": 1.0,
            "y_mm": 1.0,
            "z_mm": 1.0
          }
        },
        "pymeshfix": {
          "vertices": 113034,
          "triangles": 226100,
          "watertight": true,
          "winding_consistent": true,
          "finite_coordinates": true,
          "volume_mm3": 78975.23184356687,
          "x_mm": 118.82176971435547,
          "y_mm": 118.82176971435547,
          "z_mm": 112.58234405517578,
          "connected_bodies": 1,
          "dimension_retention": {
            "x_mm": 1.0,
            "y_mm": 1.0,
            "z_mm": 1.0
          }
        }
      },
      "passed": true,
      "selected_method": "pymeshfix",
      "output_bytes": 11305084,
      "output_sha256": "0052b43e831f692f1bff602fdabd963b6c7051731d23bb0298e54b9e13db53ae",
      "final": {
        "vertices": 113034,
        "triangles": 226100,
        "watertight": true,
        "winding_consistent": true,
        "finite_coordinates": true,
        "volume_mm3": 78975.23184356687,
        "x_mm": 118.82176971435547,
        "y_mm": 118.82176971435547,
        "z_mm": 112.58234405517578,
        "connected_bodies": 1,
        "dimension_retention": {
          "x_mm": 1.0,
          "y_mm": 1.0,
          "z_mm": 1.0
        }
      }
    },
    {
      "file": "Hogger.stl",
      "input_bytes": 22500084,
      "input_sha256": "0f43b237e306bc5fb7f472b3c93222358877c20e52970096bcca1554872d2894",
      "attempts": {
        "rounded_vertex_merge": {
          "vertices": 225007,
          "triangles": 450000,
          "watertight": false,
          "winding_consistent": true,
          "finite_coordinates": true,
          "volume_mm3": 259421.99658651114,
          "x_mm": 228.56613159179688,
          "y_mm": 228.56613159179688,
          "z_mm": 112.51596069335938,
          "connected_bodies": 5,
          "dimension_retention": {
            "x_mm": 1.0,
            "y_mm": 1.0,
            "z_mm": 1.0
          }
        },
        "pymeshfix": {
          "vertices": 199550,
          "triangles": 399100,
          "watertight": true,
          "winding_consistent": true,
          "finite_coordinates": true,
          "volume_mm3": 243106.5880961439,
          "x_mm": 228.56613159179688,
          "y_mm": 228.56613159179688,
          "z_mm": 112.51596069335938,
          "connected_bodies": 1,
          "dimension_retention": {
            "x_mm": 1.0,
            "y_mm": 1.0,
            "z_mm": 1.0
          }
        }
      },
      "passed": true,
      "selected_method": "pymeshfix",
      "output_bytes": 19955084,
      "output_sha256": "2f896c37745ff519b3befc8178aa89f8fea5bf4beb5d7f930c25ccb65d05b764",
      "final": {
        "vertices": 199550,
        "triangles": 399100,
        "watertight": true,
        "winding_consistent": true,
        "finite_coordinates": true,
        "volume_mm3": 243106.5880961439,
        "x_mm": 228.56613159179688,
        "y_mm": 228.56613159179688,
        "z_mm": 112.51596069335938,
        "connected_bodies": 1,
        "dimension_retention": {
          "x_mm": 1.0,
          "y_mm": 1.0,
          "z_mm": 1.0
        }
      }
    }
  ]
}
