test	Patch, repair and validate samples	﻿2026-10-04T09:59:47.5365534Z ##[group]Run set -euo pipefail
test	Patch, repair and validate samples	2026-10-04T09:59:47.5366050Z ^[[36;1mset -euo pipefail^[[0m
test	Patch, repair and validate samples	2026-10-04T09:59:47.5366547Z ^[[36;1mcp ci/repair_stl_collection.py "$RUNNER_TEMP/repair_stl_collection_v2.py"^[[0m
test	Patch, repair and validate samples	2026-10-04T09:59:47.5367201Z ^[[36;1mpython ci/patch_repair_dimension_retention.py "$RUNNER_TEMP/repair_stl_collection_v2.py"^[[0m
test	Patch, repair and validate samples	2026-10-04T09:59:47.5367786Z ^[[36;1mpython -m py_compile "$RUNNER_TEMP/repair_stl_collection_v2.py"^[[0m
test	Patch, repair and validate samples	2026-10-04T09:59:47.5368316Z ^[[36;1mmkdir -p "$RUNNER_TEMP/sample_repaired/Reports"^[[0m
test	Patch, repair and validate samples	2026-10-04T09:59:47.5368765Z ^[[36;1mpython "$RUNNER_TEMP/repair_stl_collection_v2.py" \^[[0m
test	Patch, repair and validate samples	2026-10-04T09:59:47.5369251Z ^[[36;1m  --input "$RUNNER_TEMP/sample_raw" \^[[0m
test	Patch, repair and validate samples	2026-10-04T09:59:47.5369662Z ^[[36;1m  --output "$RUNNER_TEMP/sample_repaired/STL" \^[[0m
test	Patch, repair and validate samples	2026-10-04T09:59:47.5370167Z ^[[36;1m  --report-json "$RUNNER_TEMP/sample_repaired/Reports/repair_validation.json" \^[[0m
test	Patch, repair and validate samples	2026-10-04T09:59:47.5370801Z ^[[36;1m  --report-csv "$RUNNER_TEMP/sample_repaired/Reports/repair_validation.csv" \^[[0m
test	Patch, repair and validate samples	2026-10-04T09:59:47.5371368Z ^[[36;1m  --expected 3 \^[[0m
test	Patch, repair and validate samples	2026-10-04T09:59:47.5371729Z ^[[36;1m  --pitch 0.62 \^[[0m
test	Patch, repair and validate samples	2026-10-04T09:59:47.5372069Z ^[[36;1m  --max-triangles 500000 \^[[0m
test	Patch, repair and validate samples	2026-10-04T09:59:47.5372434Z ^[[36;1m  --target-triangles 440000 \^[[0m
test	Patch, repair and validate samples	2026-10-04T09:59:47.5372816Z ^[[36;1m  --minimum-dimension-retention 0.90 \^[[0m
test	Patch, repair and validate samples	2026-10-04T09:59:47.5373233Z ^[[36;1m  --maximum-dimension-retention 1.10^[[0m
test	Patch, repair and validate samples	2026-10-04T09:59:47.5373680Z ^[[36;1mpython ci/validate_stl_collection.py \^[[0m
test	Patch, repair and validate samples	2026-10-04T09:59:47.5374463Z ^[[36;1m  --input "$RUNNER_TEMP/sample_repaired/STL" \^[[0m
test	Patch, repair and validate samples	2026-10-04T09:59:47.5374979Z ^[[36;1m  --report-json "$RUNNER_TEMP/sample_repaired/Reports/final_validation.json" \^[[0m
test	Patch, repair and validate samples	2026-10-04T09:59:47.5375569Z ^[[36;1m  --report-csv "$RUNNER_TEMP/sample_repaired/Reports/final_validation.csv" \^[[0m
test	Patch, repair and validate samples	2026-10-04T09:59:47.5376134Z ^[[36;1m  --checksums "$RUNNER_TEMP/sample_repaired/Reports/SHA256SUMS.txt" \^[[0m
test	Patch, repair and validate samples	2026-10-04T09:59:47.5376586Z ^[[36;1m  --expected 3^[[0m
test	Patch, repair and validate samples	2026-10-04T09:59:47.5419513Z shell: /usr/bin/bash --noprofile --norc -e -o pipefail {0}
test	Patch, repair and validate samples	2026-10-04T09:59:47.5420007Z ##[endgroup]
test	Patch, repair and validate samples	2026-10-04T09:59:47.5675753Z Patched /home/runner/work/_temp/repair_stl_collection_v2.py with dimensional-retention protection
test	Patch, repair and validate samples	2026-10-04T09:59:48.0225448Z [1/3] Repairing Brightwing.stl
test	Patch, repair and validate samples	2026-10-04T09:59:54.5032642Z MeshFix could not fix everything
test	Patch, repair and validate samples	2026-10-04T09:59:57.3167721Z     PASS via pymeshfix
test	Patch, repair and validate samples	2026-10-04T09:59:57.3168577Z [2/3] Repairing D.Va.stl
test	Patch, repair and validate samples	2026-10-04T10:00:12.4801985Z MeshFix could not fix everything
test	Patch, repair and validate samples	2026-10-04T10:00:19.1910599Z     FAIL via none
test	Patch, repair and validate samples	2026-10-04T10:00:19.1911325Z [3/3] Repairing Tychus.stl
test	Patch, repair and validate samples	2026-10-04T10:01:58.9611037Z MeshFix could not fix everything
test	Patch, repair and validate samples	2026-10-04T10:02:09.3551151Z     FAIL via none
test	Patch, repair and validate samples	2026-10-04T10:02:09.3562559Z {
test	Patch, repair and validate samples	2026-10-04T10:02:09.3563377Z   "input_folder": "/home/runner/work/_temp/sample_raw",
test	Patch, repair and validate samples	2026-10-04T10:02:09.3564357Z   "output_folder": "/home/runner/work/_temp/sample_repaired/STL",
test	Patch, repair and validate samples	2026-10-04T10:02:09.3565074Z   "expected_files": 3,
test	Patch, repair and validate samples	2026-10-04T10:02:09.3565519Z   "found_files": 3,
test	Patch, repair and validate samples	2026-10-04T10:02:09.3566025Z   "expected_count_passed": true,
test	Patch, repair and validate samples	2026-10-04T10:02:09.3566483Z   "all_passed": false,
test	Patch, repair and validate samples	2026-10-04T10:02:09.3566901Z   "settings": {
test	Patch, repair and validate samples	2026-10-04T10:02:09.3567319Z     "voxel_pitch_mm": 0.62,
test	Patch, repair and validate samples	2026-10-04T10:02:09.3567835Z     "max_triangles": 500000,
test	Patch, repair and validate samples	2026-10-04T10:02:09.3568297Z     "target_triangles": 440000,
test	Patch, repair and validate samples	2026-10-04T10:02:09.3568771Z     "minimum_dimension_mm": 2.0,
test	Patch, repair and validate samples	2026-10-04T10:02:09.3569123Z     "maximum_dimension_mm": 350.0,
test	Patch, repair and validate samples	2026-10-04T10:02:09.3569484Z     "minimum_dimension_retention": 0.9,
test	Patch, repair and validate samples	2026-10-04T10:02:09.3569833Z     "maximum_dimension_retention": 1.1,
test	Patch, repair and validate samples	2026-10-04T10:02:09.3570208Z     "vertex_weld_digits": 2,
test	Patch, repair and validate samples	2026-10-04T10:02:09.3570572Z     "required_connected_bodies": 1
test	Patch, repair and validate samples	2026-10-04T10:02:09.3570916Z   },
test	Patch, repair and validate samples	2026-10-04T10:02:09.3571232Z   "failed_files": [
test	Patch, repair and validate samples	2026-10-04T10:02:09.3571566Z     {
test	Patch, repair and validate samples	2026-10-04T10:02:09.3571898Z       "file": "D.Va.stl",
test	Patch, repair and validate samples	2026-10-04T10:02:09.3572248Z       "passed": false,
test	Patch, repair and validate samples	2026-10-04T10:02:09.3572698Z       "fatal_error": "AttributeError(\"'VoxelGrid' object has no attribute 'origin'\")",
test	Patch, repair and validate samples	2026-10-04T10:02:09.3575225Z       "traceback": "Traceback (most recent call last):\n  File \"/home/runner/work/_temp/repair_stl_collection_v2.py\", line 434, in main\n    result = process_one(path, args.output, args)\n  File \"/home/runner/work/_temp/repair_stl_collection_v2.py\", line 372, in process_one\n    voxel, connectivity = reconstruct_connected_voxels(original, args.pitch)\n  File \"/home/runner/work/_temp/repair_stl_collection_v2.py\", line 314, in reconstruct_connected_voxels\n    reconstructed.apply_translation(np.asarray(voxel_grid.origin, dtype=float))\nAttributeError: 'VoxelGrid' object has no attribute 'origin'\n"
test	Patch, repair and validate samples	2026-10-04T10:02:09.3577049Z     },
test	Patch, repair and validate samples	2026-10-04T10:02:09.3577376Z     {
test	Patch, repair and validate samples	2026-10-04T10:02:09.3577665Z       "file": "Tychus.stl",
test	Patch, repair and validate samples	2026-10-04T10:02:09.3577991Z       "passed": false,
test	Patch, repair and validate samples	2026-10-04T10:02:09.3578444Z       "fatal_error": "AttributeError(\"'VoxelGrid' object has no attribute 'origin'\")",
test	Patch, repair and validate samples	2026-10-04T10:02:09.3580316Z       "traceback": "Traceback (most recent call last):\n  File \"/home/runner/work/_temp/repair_stl_collection_v2.py\", line 434, in main\n    result = process_one(path, args.output, args)\n  File \"/home/runner/work/_temp/repair_stl_collection_v2.py\", line 372, in process_one\n    voxel, connectivity = reconstruct_connected_voxels(original, args.pitch)\n  File \"/home/runner/work/_temp/repair_stl_collection_v2.py\", line 314, in reconstruct_connected_voxels\n    reconstructed.apply_translation(np.asarray(voxel_grid.origin, dtype=float))\nAttributeError: 'VoxelGrid' object has no attribute 'origin'\n"
test	Patch, repair and validate samples	2026-10-04T10:02:09.3582115Z     }
test	Patch, repair and validate samples	2026-10-04T10:02:09.3582386Z   ],
test	Patch, repair and validate samples	2026-10-04T10:02:09.3582685Z   "files": [
test	Patch, repair and validate samples	2026-10-04T10:02:09.3582970Z     {
test	Patch, repair and validate samples	2026-10-04T10:02:09.3583252Z       "file": "Brightwing.stl",
test	Patch, repair and validate samples	2026-10-04T10:02:09.3583616Z       "input_bytes": 13060284,
test	Patch, repair and validate samples	2026-10-04T10:02:09.3584236Z       "input_sha256": "8d4acba68a784ded165692f26519dc9d2a7cc46e655e338eb2a66f92e4142c56",
test	Patch, repair and validate samples	2026-10-04T10:02:09.3584863Z       "attempts": {
test	Patch, repair and validate samples	2026-10-04T10:02:09.3585184Z         "rounded_vertex_merge": {
test	Patch, repair and validate samples	2026-10-04T10:02:09.3585532Z           "vertices": 130595,
test	Patch, repair and validate samples	2026-10-04T10:02:09.3585865Z           "triangles": 261204,
test	Patch, repair and validate samples	2026-10-04T10:02:09.3586339Z           "watertight": false,
test	Patch, repair and validate samples	2026-10-04T10:02:09.3586647Z           "winding_consistent": true,
test	Patch, repair and validate samples	2026-10-04T10:02:09.3587031Z           "finite_coordinates": true,
test	Patch, repair and validate samples	2026-10-04T10:02:09.3587389Z           "volume_mm3": 71074.81732869113,
test	Patch, repair and validate samples	2026-10-04T10:02:09.3587732Z           "x_mm": 117.02271270751953,
test	Patch, repair and validate samples	2026-10-04T10:02:09.3588079Z           "y_mm": 117.02271270751953,
test	Patch, repair and validate samples	2026-10-04T10:02:09.3588423Z           "z_mm": 112.68762969970703,
test	Patch, repair and validate samples	2026-10-04T10:02:09.3588779Z           "connected_bodies": 1,
test	Patch, repair and validate samples	2026-10-04T10:02:09.3589127Z           "dimension_retention": {
test	Patch, repair and validate samples	2026-10-04T10:02:09.3589454Z             "x_mm": 1.0,
test	Patch, repair and validate samples	2026-10-04T10:02:09.3589783Z             "y_mm": 1.0,
test	Patch, repair and validate samples	2026-10-04T10:02:09.3590083Z             "z_mm": 1.0
test	Patch, repair and validate samples	2026-10-04T10:02:09.3590392Z           }
test	Patch, repair and validate samples	2026-10-04T10:02:09.3590674Z         },
test	Patch, repair and validate samples	2026-10-04T10:02:09.3590941Z         "pymeshfix": {
test	Patch, repair and validate samples	2026-10-04T10:02:09.3591290Z           "vertices": 130226,
test	Patch, repair and validate samples	2026-10-04T10:02:09.3591642Z           "triangles": 260464,
test	Patch, repair and validate samples	2026-10-04T10:02:09.3592012Z           "watertight": true,
test	Patch, repair and validate samples	2026-10-04T10:02:09.3592337Z           "winding_consistent": true,
test	Patch, repair and validate samples	2026-10-04T10:02:09.3592667Z           "finite_coordinates": true,
test	Patch, repair and validate samples	2026-10-04T10:02:09.3593046Z           "volume_mm3": 71073.93593020107,
test	Patch, repair and validate samples	2026-10-04T10:02:09.3593382Z           "x_mm": 117.02271270751953,
test	Patch, repair and validate samples	2026-10-04T10:02:09.3593724Z           "y_mm": 117.02271270751953,
test	Patch, repair and validate samples	2026-10-04T10:02:09.3594286Z           "z_mm": 112.68762969970703,
test	Patch, repair and validate samples	2026-10-04T10:02:09.3594722Z           "connected_bodies": 1,
test	Patch, repair and validate samples	2026-10-04T10:02:09.3595095Z           "dimension_retention": {
test	Patch, repair and validate samples	2026-10-04T10:02:09.3595425Z             "x_mm": 1.0,
test	Patch, repair and validate samples	2026-10-04T10:02:09.3595741Z             "y_mm": 1.0,
test	Patch, repair and validate samples	2026-10-04T10:02:09.3596056Z             "z_mm": 1.0
test	Patch, repair and validate samples	2026-10-04T10:02:09.3596363Z           }
test	Patch, repair and validate samples	2026-10-04T10:02:09.3596651Z         }
test	Patch, repair and validate samples	2026-10-04T10:02:09.3596920Z       },
test	Patch, repair and validate samples	2026-10-04T10:02:09.3597365Z       "passed": true,
test	Patch, repair and validate samples	2026-10-04T10:02:09.3597698Z       "selected_method": "pymeshfix",
test	Patch, repair and validate samples	2026-10-04T10:02:09.3598055Z       "output_bytes": 13023284,
test	Patch, repair and validate samples	2026-10-04T10:02:09.3598530Z       "output_sha256": "e5148b8d39b1f91a3c0928bb79342c8b7517ee199d7090121862cbc522de9a99",
test	Patch, repair and validate samples	2026-10-04T10:02:09.3599006Z       "final": {
test	Patch, repair and validate samples	2026-10-04T10:02:09.3599283Z         "vertices": 130226,
test	Patch, repair and validate samples	2026-10-04T10:02:09.3599758Z         "triangles": 260464,
test	Patch, repair and validate samples	2026-10-04T10:02:09.3600095Z         "watertight": true,
test	Patch, repair and validate samples	2026-10-04T10:02:09.3600431Z         "winding_consistent": true,
test	Patch, repair and validate samples	2026-10-04T10:02:09.3600797Z         "finite_coordinates": true,
test	Patch, repair and validate samples	2026-10-04T10:02:09.3601160Z         "volume_mm3": 71073.93593020107,
test	Patch, repair and validate samples	2026-10-04T10:02:09.3601542Z         "x_mm": 117.02271270751953,
test	Patch, repair and validate samples	2026-10-04T10:02:09.3601867Z         "y_mm": 117.02271270751953,
test	Patch, repair and validate samples	2026-10-04T10:02:09.3602191Z         "z_mm": 112.68762969970703,
test	Patch, repair and validate samples	2026-10-04T10:02:09.3602538Z         "connected_bodies": 1,
test	Patch, repair and validate samples	2026-10-04T10:02:09.3602863Z         "dimension_retention": {
test	Patch, repair and validate samples	2026-10-04T10:02:09.3603223Z           "x_mm": 1.0,
test	Patch, repair and validate samples	2026-10-04T10:02:09.3603515Z           "y_mm": 1.0,
test	Patch, repair and validate samples	2026-10-04T10:02:09.3603796Z           "z_mm": 1.0
test	Patch, repair and validate samples	2026-10-04T10:02:09.3604278Z         }
test	Patch, repair and validate samples	2026-10-04T10:02:09.3604593Z       }
test	Patch, repair and validate samples	2026-10-04T10:02:09.3604891Z     },
test	Patch, repair and validate samples	2026-10-04T10:02:09.3605156Z     {
test	Patch, repair and validate samples	2026-10-04T10:02:09.3605417Z       "file": "D.Va.stl",
test	Patch, repair and validate samples	2026-10-04T10:02:09.3605764Z       "passed": false,
test	Patch, repair and validate samples	2026-10-04T10:02:09.3606185Z       "fatal_error": "AttributeError(\"'VoxelGrid' object has no attribute 'origin'\")",
test	Patch, repair and validate samples	2026-10-04T10:02:09.3608057Z       "traceback": "Traceback (most recent call last):\n  File \"/home/runner/work/_temp/repair_stl_collection_v2.py\", line 434, in main\n    result = process_one(path, args.output, args)\n  File \"/home/runner/work/_temp/repair_stl_collection_v2.py\", line 372, in process_one\n    voxel, connectivity = reconstruct_connected_voxels(original, args.pitch)\n  File \"/home/runner/work/_temp/repair_stl_collection_v2.py\", line 314, in reconstruct_connected_voxels\n    reconstructed.apply_translation(np.asarray(voxel_grid.origin, dtype=float))\nAttributeError: 'VoxelGrid' object has no attribute 'origin'\n"
test	Patch, repair and validate samples	2026-10-04T10:02:09.3609898Z     },
test	Patch, repair and validate samples	2026-10-04T10:02:09.3610151Z     {
test	Patch, repair and validate samples	2026-10-04T10:02:09.3610963Z       "file": "Tychus.stl",
test	Patch, repair and validate samples	2026-10-04T10:02:09.3611307Z       "passed": false,
test	Patch, repair and validate samples	2026-10-04T10:02:09.3611723Z       "fatal_error": "AttributeError(\"'VoxelGrid' object has no attribute 'origin'\")",
test	Patch, repair and validate samples	2026-10-04T10:02:09.3613556Z       "traceback": "Traceback (most recent call last):\n  File \"/home/runner/work/_temp/repair_stl_collection_v2.py\", line 434, in main\n    result = process_one(path, args.output, args)\n  File \"/home/runner/work/_temp/repair_stl_collection_v2.py\", line 372, in process_one\n    voxel, connectivity = reconstruct_connected_voxels(original, args.pitch)\n  File \"/home/runner/work/_temp/repair_stl_collection_v2.py\", line 314, in reconstruct_connected_voxels\n    reconstructed.apply_translation(np.asarray(voxel_grid.origin, dtype=float))\nAttributeError: 'VoxelGrid' object has no attribute 'origin'\n"
test	Patch, repair and validate samples	2026-10-04T10:02:09.3615491Z     }
test	Patch, repair and validate samples	2026-10-04T10:02:09.3615789Z   ]
test	Patch, repair and validate samples	2026-10-04T10:02:09.3616064Z }
test	Patch, repair and validate samples	2026-10-04T10:02:09.4356344Z ##[error]Process completed with exit code 1.
