ALSA lib confmisc.c:855:(parse_card) cannot find card '0'
ALSA lib conf.c:5182:(_snd_config_evaluate) function snd_func_card_inum returned error: No such file or directory
ALSA lib confmisc.c:422:(snd_func_concat) error evaluating strings
ALSA lib conf.c:5182:(_snd_config_evaluate) function snd_func_concat returned error: No such file or directory
ALSA lib confmisc.c:1334:(snd_func_refer) error evaluating name
ALSA lib conf.c:5182:(_snd_config_evaluate) function snd_func_refer returned error: No such file or directory
ALSA lib conf.c:5705:(snd_config_expand) Evaluate error: No such file or directory
ALSA lib pcm.c:2664:(snd_pcm_open_noupdate) Unknown PCM default
Failed to open dir (No such file or directory): /run/user/1001/gvfs/
[08:51:22] HOTS STL Builder 1.0.0
[08:51:22] Blender runtime: 3.6.23
[08:51:22] Source roots: [PosixPath('/home/runner/work/_temp/HOTS-02'), PosixPath('/home/runner/work/HOTS-03/HOTS-03')]
[08:51:22] Enabling m3addon
[08:51:23] Resolved 3 roster entries to 3 unique source groups
[08:51:23] PLAN Abathur: abathur — exact canonical base
[08:51:23] PLAN Muradin: muradin — exact canonical base
[08:51:23] PLAN Xal'atath: xalatath — exact canonical base
[08:51:23] Importing M3: /home/runner/work/_temp/HOTS-02/storm_hero_abathur_base/storm_hero_abathur_base.m3
2026-10-04 08:51:23,260,260 DEBUG  base.py:152 Import /home/runner/work/_temp/HOTS-02/storm_hero_abathur_base/storm_hero_abathur_base.m3
Info: Removed 0 vertice(s)
Info: Removed 0 vertice(s)
Info: Removed 184 vertice(s)
[08:51:23] Importing required animation: /home/runner/work/_temp/HOTS-02/storm_hero_abathur_requiredanims/storm_hero_abathur_requiredanims.m3a
2026-10-04 08:51:23,718,718 DEBUG  base.py:152 Import /home/runner/work/_temp/HOTS-02/storm_hero_abathur_requiredanims/storm_hero_abathur_requiredanims.m3a
Info: Removed 232 vertice(s)
Info: Removed: 0 vertices, 0 edges, 0 faces
Info: Removed 293 vertice(s)
Info: Removed: 0 vertices, 0 edges, 0 faces
Info: Removed 74 vertice(s)
Info: Removed: 0 vertices, 0 edges, 0 faces
Info: Removed 0 vertice(s)
Info: Removed: 4 vertices, 2 edges, 0 faces
[08:51:34] Strict edge test failed after cleanup; applying one final voxel union
Info: Removed 0 vertice(s)
Info: Removed: 19 vertices, 12 edges, 0 faces
[08:51:35] SUCCESS source abathur: 71545 print-ready triangles
[08:51:35] Importing M3: /home/runner/work/HOTS-03/HOTS-03/storm_hero_muradin_base/storm_hero_muradin_base.m3
2026-10-04 08:51:35,823,823 DEBUG  base.py:152 Import /home/runner/work/HOTS-03/HOTS-03/storm_hero_muradin_base/storm_hero_muradin_base.m3
Info: Removed 96 vertice(s)
Info: Removed 96 vertice(s)
Info: Removed 0 vertice(s)
Info: Removed 283 vertice(s)
Info: Removed 0 vertice(s)
Info: Removed 258 vertice(s)
Info: Removed 196 vertice(s)
Info: Removed 213 vertice(s)
Info: Removed 454 vertice(s)
[08:51:37] Importing required animation: /home/runner/work/HOTS-03/HOTS-03/storm_hero_muradin_requiredanims/storm_hero_muradin_requiredanims.m3a
2026-10-04 08:51:37,048,48  DEBUG  base.py:152 Import /home/runner/work/HOTS-03/HOTS-03/storm_hero_muradin_requiredanims/storm_hero_muradin_requiredanims.m3a
Info: Removed 1559 vertice(s)
Info: Removed: 0 vertices, 0 edges, 0 faces
Info: Removed 1 vertice(s)
Info: Removed: 0 vertices, 0 edges, 0 faces
Info: Removed 738 vertice(s)
Info: Removed: 0 vertices, 0 edges, 0 faces
Info: Removed 0 vertice(s)
Info: Removed: 0 vertices, 2 edges, 0 faces
[08:52:36] Strict edge test failed after cleanup; applying one final voxel union
Info: Removed 0 vertice(s)
Info: Removed: 6 vertices, 5 edges, 0 faces
[08:53:25] SUCCESS source muradin: 2183667 print-ready triangles
[08:53:25] Importing M3: /home/runner/work/HOTS-03/HOTS-03/storm_hero_xalatath_base/storm_hero_xalatath_base.m3
2026-10-04 08:53:25,515,515 DEBUG  base.py:152 Import /home/runner/work/HOTS-03/HOTS-03/storm_hero_xalatath_base/storm_hero_xalatath_base.m3
Info: Removed 0 vertice(s)
Info: Removed 10177 vertice(s)
Info: Removed 2568 vertice(s)
[08:53:26] Importing required animation: /home/runner/work/HOTS-03/HOTS-03/storm_hero_xalatath_requiredanims/storm_hero_xalatath_requiredanims.m3a
2026-10-04 08:53:26,729,729 DEBUG  base.py:152 Import /home/runner/work/HOTS-03/HOTS-03/storm_hero_xalatath_requiredanims/storm_hero_xalatath_requiredanims.m3a
Info: Removed 12790 vertice(s)
Info: Removed: 0 vertices, 0 edges, 0 faces
Info: Removed 25 vertice(s)
Info: Removed: 0 vertices, 0 edges, 0 faces
Info: Removed 462 vertice(s)
Info: Removed: 0 vertices, 0 edges, 0 faces
Info: Removed 0 vertice(s)
Info: Removed: 11 vertices, 6 edges, 0 faces
[08:53:52] Strict edge test failed after cleanup; applying one final voxel union
Info: Removed 0 vertice(s)
Info: Removed: 19 vertices, 11 edges, 0 faces
[08:54:10] SUCCESS source xalatath: 798966 print-ready triangles
[08:54:10] Completed: 0 successful roster entries, 3 missing/failed
Blender 3.6.23 (hash e467db79ca8c built 2025-06-17 01:32:54)
